  姝ｅ湪纭畾瑕佽繕鍘熺殑椤圭洰鈥?
  鎵€鏈夐」鐩潎鏄渶鏂扮殑锛屾棤娉曡繕鍘熴€?
  CloudView.Controls -> C:\Users\baochun\source\repos\CloudView\CloudView.Controls\bin\Debug\net8.0-windows\CloudView.Controls.dll
C:\Program Files\dotnet\sdk\10.0.100\Microsoft.Common.CurrentVersion.targets(5080,5): warning MSB3026: 鏃犳硶灏嗏€淐:\Users\baochun\source\repos\CloudView\CloudView.Controls\bin\Debug\net8.0-windows\CloudView.Controls.dll鈥濆鍒跺埌鈥渂in\Debug\net8.0-windows\CloudView.Controls.dll鈥濄€?000 姣鍚庡皢寮€濮嬬 1 娆￠噸璇曘€俆he process cannot access the file 'C:\Users\baochun\source\repos\CloudView\CloudView\bin\Debug\net8.0-windows\CloudView.Controls.dll' because it is being used by another process. 鏂囦欢琚€淐loudView (44056)鈥濋攣瀹氥€?[C:\Users\baochun\source\repos\CloudView\CloudView\CloudView.csproj]
C:\Program Files\dotnet\sdk\10.0.100\Microsoft.Common.CurrentVersion.targets(5080,5): warning MSB3026: 鏃犳硶灏嗏€淐:\Users\baochun\source\repos\CloudView\CloudView.Controls\bin\Debug\net8.0-windows\CloudView.Controls.dll鈥濆鍒跺埌鈥渂in\Debug\net8.0-windows\CloudView.Controls.dll鈥濄€?000 姣鍚庡皢寮€濮嬬 2 娆￠噸璇曘€俆he process cannot access the file 'C:\Users\baochun\source\repos\CloudView\CloudView\bin\Debug\net8.0-windows\CloudView.Controls.dll' because it is being used by another process. 鏂囦欢琚€淐loudView (44056)鈥濋攣瀹氥€?[C:\Users\baochun\source\repos\CloudView\CloudView\CloudView.csproj]
C:\Program Files\dotnet\sdk\10.0.100\Microsoft.Common.CurrentVersion.targets(5080,5): warning MSB3026: 鏃犳硶灏嗏€淐:\Users\baochun\source\repos\CloudView\CloudView.Controls\bin\Debug\net8.0-windows\CloudView.Controls.dll鈥濆鍒跺埌鈥渂in\Debug\net8.0-windows\CloudView.Controls.dll鈥濄€?000 姣鍚庡皢寮€濮嬬 3 娆￠噸璇曘€俆he process cannot access the file 'C:\Users\baochun\source\repos\CloudView\CloudView\bin\Debug\net8.0-windows\CloudView.Controls.dll' because it is being used by another process. 鏂囦欢琚€淐loudView (44056)鈥濋攣瀹氥€?[C:\Users\baochun\source\repos\CloudView\CloudView\CloudView.csproj]
C:\Program Files\dotnet\sdk\10.0.100\Microsoft.Common.CurrentVersion.targets(5080,5): warning MSB3026: 鏃犳硶灏嗏€淐:\Users\baochun\source\repos\CloudView\CloudView.Controls\bin\Debug\net8.0-windows\CloudView.Controls.dll鈥濆鍒跺埌鈥渂in\Debug\net8.0-windows\CloudView.Controls.dll鈥濄€?000 姣鍚庡皢寮€濮嬬 4 娆￠噸璇曘€俆he process cannot access the file 'C:\Users\baochun\source\repos\CloudView\CloudView\bin\Debug\net8.0-windows\CloudView.Controls.dll' because it is being used by another process. 鏂囦欢琚€淐loudView (44056)鈥濋攣瀹氥€?[C:\Users\baochun\source\repos\CloudView\CloudView\CloudView.csproj]
